  TimeWindow  TotalIterations  Iterations  Convergence  QNColumns  DeletedQNColumns  DroppedQNColumns
     1       4       4       1       3       0       0
     2       7       3       1       4       1       0
     3      10       3       1       6       0       0
     4      13       3       1       8       0       0
     5      16       3       1      10       0       0
     6      19       3       1      12       0       0
     7      21       2       1      13       0       0
     8      23       2       1      14       0       0
     9      25       2       1      15       0       0
    10      27       2       1      16       0       0
    11      29       2       1      17       0       0
    12      31       2       1      18       0       0
    13      33       2       1      19       0       0
    14      35       2       1      20       0       0
    15      37       2       1      21       0       0
    16      39       2       1      20       0       2
    17      41       2       1      19       0       2
    18      43       2       1      18       0       2
    19      45       2       1      17       0       2
    20      47       2       1      16       0       2
    21      49       2       1      15       0       2
    22      51       2       1      15       0       1
    23      53       2       1      15       0       1
    24      55       2       1      15       1       0
    25      57       2       1      15       1       0
    26      59       2       1      15       0       1
    27      61       2       1      15       1       0
    28      63       2       1      15       1       0
    29      65       2       1      15       0       1
    30      67       2       1      15       0       1
    31      69       2       1      15       0       1
    32      71       2       1      15       1       0
    33      73       2       1      15       1       0
    34      75       2       1      15       1       0
    35      77       2       1      15       1       0
    36      79       2       1      14       2       0
    37      81       2       1      15       0       0
    38      83       2       1      15       0       1
    39      85       2       1      14       2       0
    40      87       2       1      15       0       0
    41      89       2       1      15       1       0
    42      91       2       1      15       0       1
    43      93       2       1      15       0       1
    44      95       2       1      14       2       0
    45      97       2       1      14       1       0
    46      99       2       1      15       0       0
    47     101       2       1      14       2       0
    48     103       2       1      15       0       0
    49     105       2       1      14       2       0
    50     107       2       1      15       0       0
    51     109       2       1      15       1       0
    52     111       2       1      15       1       0
    53     113       2       1      15       0       1
    54     115       2       1      15       1       0
    55     117       2       1      15       1       0
    56     119       2       1      15       0       1
    57     121       2       1      15       0       1
    58     123       2       1      15       0       1
    59     125       2       1      15       1       0
    60     127       2       1      15       1       0
    61     129       2       1      15       0       1
    62     131       2       1      15       0       1
    63     133       2       1      15       0       1
    64     135       2       1      15       1       0
    65     137       2       1      15       0       1
    66     139       2       1      15       1       0
    67     141       2       1      15       0       1
    68     143       2       1      15       1       0
    69     145       2       1      15       0       1
    70     147       2       1      15       0       1
    71     149       2       1      15       0       1
    72     151       2       1      15       0       1
    73     153       2       1      15       0       1
    74     155       2       1      15       0       1
    75     157       2       1      15       0       1
    76     159       2       1      15       0       1
    77     161       2       1      15       0       1
    78     163       2       1      15       0       1
    79     165       2       1      15       0       1
    80     167       2       1      15       0       1
    81     169       2       1      15       0       1
    82     171       2       1      15       0       1
    83     173       2       1      15       0       1
    84     175       2       1      15       0       1
    85     177       2       1      15       0       1
    86     179       2       1      15       0       1
    87     181       2       1      15       0       1
    88     183       2       1      15       0       1
    89     185       2       1      15       0       1
    90     187       2       1      15       0       1
    91     189       2       1      15       0       1
    92     191       2       1      15       0       1
    93     193       2       1      15       0       1
    94     195       2       1      15       0       1
    95     197       2       1      15       0       1
    96     199       2       1      15       0       1
    97     201       2       1      15       0       1
    98     203       2       1      15       0       1
    99     205       2       1      15       0       1
   100     207       2       1      15       0       1
   101     209       2       1      15       1       0
   102     211       2       1      15       0       1
   103     213       2       1      15       0       1
   104     215       2       1      15       1       0
   105     217       2       1      15       0       1
   106     219       2       1      15       1       0
   107     221       2       1      15       1       0
   108     223       2       1      15       0       1
   109     225       2       1      14       2       0
   110     227       2       1      14       1       0
   111     229       2       1      14       1       0
   112     231       2       1      15       0       0
   113     233       2       1      15       1       0
   114     235       2       1      15       0       1
   115     237       2       1      15       1       0
   116     239       2       1      15       1       0
   117     241       2       1      14       2       0
   118     243       2       1      14       1       0
   119     245       2       1      15       0       0
   120     247       2       1      15       1       0
   121     249       2       1      15       1       0
   122     251       2       1      14       2       0
   123     253       2       1      14       1       0
   124     255       2       1      14       1       0
   125     257       2       1      14       1       0
   126     259       2       1      15       0       0
   127     261       2       1      15       1       0
   128     263       2       1      14       2       0
   129     265       2       1      14       1       0
   130     267       2       1      15       0       0
   131     269       2       1      15       1       0
   132     271       2       1      15       0       1
   133     273       2       1      15       1       0
   134     275       2       1      15       0       1
   135     277       2       1      15       1       0
   136     279       2       1      15       1       0
   137     281       2       1      15       1       0
   138     283       2       1      15       0       1
   139     285       2       1      15       1       0
   140     287       2       1      15       1       0
   141     289       2       1      15       0       1
   142     291       2       1      15       1       0
   143     293       2       1      15       1       0
   144     295       2       1      15       0       1
   145     297       2       1      15       0       1
   146     299       2       1      15       0       1
   147     301       2       1      15       1       0
   148     303       2       1      15       1       0
   149     305       2       1      15       1       0
   150     307       2       1      15       0       1
   151     309       2       1      15       1       0
   152     311       2       1      15       0       1
   153     313       2       1      15       0       1
   154     315       2       1      15       0       1
   155     317       2       1      15       0       1
   156     319       2       1      15       0       1
   157     321       2       1      15       0       1
   158     323       2       1      15       0       1
   159     325       2       1      15       0       1
   160     327       2       1      15       0       1
   161     329       2       1      15       0       1
   162     331       2       1      15       0       1
   163     333       2       1      15       0       1
   164     335       2       1      15       0       1
   165     337       2       1      15       0       1
   166     339       2       1      15       0       1
   167     341       2       1      15       0       1
   168     343       2       1      15       0       1
   169     345       2       1      15       0       1
   170     347       2       1      15       0       1
   171     349       2       1      15       0       1
   172     351       2       1      15       0       1
   173     353       2       1      15       0       1
   174     355       2       1      15       0       1
   175     357       2       1      15       0       1
   176     359       2       1      15       0       1
   177     361       2       1      15       0       1
   178     363       2       1      15       1       0
   179     365       2       1      15       0       1
   180     367       2       1      15       0       1
   181     369       2       1      15       0       1
   182     371       2       1      15       1       0
   183     373       2       1      15       0       1
   184     375       2       1      15       1       0
   185     377       2       1      15       0       1
   186     379       2       1      15       0       1
   187     381       2       1      15       1       0
   188     383       2       1      15       1       0
   189     385       2       1      15       1       0
   190     387       2       1      15       1       0
   191     389       2       1      15       1       0
   192     391       2       1      14       2       0
   193     393       2       1      14       1       0
   194     395       2       1      14       1       0
   195     397       2       1      15       0       0
   196     399       2       1      15       0       1
   197     401       2       1      15       1       0
   198     403       2       1      15       1       0
   199     405       2       1      14       2       0
   200     407       2       1      14       1       0
   201     409       2       1      15       0       0
   202     411       2       1      15       0       1
   203     413       2       1      15       1       0
   204     415       2       1      15       0       1
   205     417       2       1      15       1       0
   206     419       2       1      15       0       1
   207     421       2       1      14       2       0
   208     423       2       1      15       0       0
   209     425       2       1      15       1       0
   210     427       2       1      15       1       0
   211     429       2       1      15       1       0
   212     431       2       1      15       0       1
   213     433       2       1      15       0       1
   214     435       2       1      15       1       0
   215     437       2       1      15       0       1
   216     439       2       1      14       2       0
   217     441       2       1      13       2       0
   218     443       2       1      14       0       0
   219     445       2       1      14       1       0
   220     447       2       1      15       0       0
   221     449       2       1      15       0       1
   222     451       2       1      15       0       1
   223     453       2       1      15       1       0
   224     455       2       1      15       1       0
   225     457       2       1      15       1       0
   226     459       2       1      15       0       1
   227     461       2       1      15       0       1
   228     463       2       1      15       0       1
   229     465       2       1      15       1       0
   230     467       2       1      15       0       1
   231     469       2       1      15       1       0
   232     471       2       1      15       0       1
   233     473       2       1      15       0       1
   234     474       1       1      15       0       1
   235     476       2       1      15       0       1
   236     478       2       1      15       0       1
   237     480       2       1      15       0       1
   238     482       2       1      15       0       1
   239     484       2       1      15       0       1
   240     486       2       1      15       0       1
   241     488       2       1      15       0       1
   242     490       2       1      15       0       1
   243     492       2       1      15       0       1
   244     494       2       1      15       0       1
   245     496       2       1      15       0       1
   246     498       2       1      15       0       1
   247     500       2       1      15       0       1
   248     502       2       1      15       0       1
   249     504       2       1      15       0       1
   250     506       2       1      15       0       1
   251     508       2       1      15       0       1
   252     510       2       1      15       0       1
   253     512       2       1      15       0       1
   254     514       2       1      15       0       1
   255     516       2       1      15       0       1
   256     518       2       1      15       0       1
   257     520       2       1      15       0       1
   258     522       2       1      15       0       1
   259     524       2       1      15       0       1
   260     526       2       1      15       0       1
   261     528       2       1      15       0       1
   262     530       2       1      15       1       0
   263     532       2       1      15       0       1
   264     534       2       1      15       0       1
   265     536       2       1      15       0       1
   266     538       2       1      15       0       1
   267     540       2       1      15       1       0
   268     542       2       1      15       1       0
   269     544       2       1      15       0       1
   270     546       2       1      14       2       0
   271     548       2       1      15       0       0
   272     550       2       1      15       1       0
   273     552       2       1      15       0       1
   274     554       2       1      15       1       0
   275     556       2       1      15       0       1
   276     558       2       1      15       1       0
   277     560       2       1      15       1       0
   278     562       2       1      15       1       0
   279     564       2       1      15       0       1
   280     566       2       1      15       0       1
   281     568       2       1      15       1       0
   282     570       2       1      15       1       0
   283     572       2       1      14       2       0
   284     574       2       1      14       1       0
   285     576       2       1      15       0       0
   286     578       2       1      15       0       1
   287     580       2       1      15       1       0
   288     582       2       1      15       1       0
   289     584       2       1      15       1       0
   290     586       2       1      15       1       0
   291     588       2       1      15       1       0
   292     590       2       1      15       1       0
   293     592       2       1      15       0       1
   294     594       2       1      15       1       0
   295     596       2       1      15       0       1
   296     598       2       1      15       1       0
   297     600       2       1      15       0       1
   298     602       2       1      15       0       1
   299     604       2       1      14       2       0
   300     606       2       1      14       1       0
   301     608       2       1      15       0       0
   302     610       2       1      15       0       1
   303     612       2       1      15       0       1
   304     614       2       1      15       0       1
   305     616       2       1      15       0       1
   306     618       2       1      15       0       1
   307     620       2       1      15       0       1
   308     622       2       1      15       1       0
   309     624       2       1      15       0       1
   310     626       2       1      15       0       1
   311     628       2       1      15       0       1
   312     630       2       1      15       1       0
   313     632       2       1      15       0       1
   314     634       2       1      15       1       0
   315     636       2       1      15       0       1
   316     638       2       1      15       1       0
   317     640       2       1      15       0       1
   318     642       2       1      15       0       1
   319     644       2       1      15       0       1
   320     646       2       1      15       0       1
   321     648       2       1      15       0       1
   322     650       2       1      15       0       1
   323     652       2       1      15       0       1
   324     654       2       1      15       0       1
   325     656       2       1      15       0       1
   326     658       2       1      15       0       1
   327     660       2       1      15       0       1
   328     662       2       1      15       0       1
   329     664       2       1      15       0       1
   330     666       2       1      15       0       1
   331     668       2       1      15       0       1
   332     670       2       1      15       0       1
   333     672       2       1      15       0       1
   334     674       2       1      15       0       1
   335     676       2       1      15       0       1
   336     678       2       1      15       0       1
   337     680       2       1      15       0       1
   338     682       2       1      15       0       1
   339     684       2       1      15       0       1
   340     686       2       1      15       0       1
   341     688       2       1      15       0       1
   342     690       2       1      15       0       1
   343     692       2       1      15       0       1
   344     694       2       1      15       0       1
   345     696       2       1      15       0       1
   346     698       2       1      15       0       1
   347     700       2       1      15       0       1
   348     702       2       1      15       0       1
   349     704       2       1      15       1       0
   350     706       2       1      14       2       0
   351     708       2       1      15       0       0
   352     710       2       1      15       0       1
   353     712       2       1      15       1       0
   354     714       2       1      15       0       1
   355     716       2       1      14       2       0
   356     718       2       1      14       1       0
   357     720       2       1      14       1       0
   358     722       2       1      15       0       0
   359     724       2       1      15       1       0
   360     726       2       1      15       0       1
   361     728       2       1      15       1       0
   362     730       2       1      15       0       1
   363     732       2       1      15       1       0
   364     734       2       1      15       1       0
   365     736       2       1      15       1       0
   366     738       2       1      15       1       0
   367     740       2       1      15       1       0
   368     742       2       1      15       0       1
   369     744       2       1      15       1       0
   370     746       2       1      15       1       0
   371     748       2       1      15       0       1
   372     750       2       1      15       1       0
   373     752       2       1      15       1       0
   374     754       2       1      15       0       1
   375     756       2       1      15       1       0
   376     758       2       1      15       0       1
   377     760       2       1      15       1       0
   378     762       2       1      15       1       0
   379     764       2       1      15       1       0
   380     766       2       1      15       0       1
   381     768       2       1      15       1       0
   382     770       2       1      15       0       1
   383     772       2       1      14       2       0
   384     774       2       1      15       0       0
   385     776       2       1      15       0       1
   386     778       2       1      15       0       1
   387     780       2       1      15       1       0
   388     782       2       1      15       0       1
   389     784       2       1      15       0       1
   390     786       2       1      15       0       1
   391     788       2       1      15       0       1
   392     790       2       1      15       0       1
   393     792       2       1      15       0       1
   394     794       2       1      15       0       1
   395     796       2       1      15       0       1
   396     798       2       1      15       0       1
   397     800       2       1      15       0       1
   398     802       2       1      15       0       1
   399     804       2       1      15       0       1
   400     806       2       1      15       0       1
   401     808       2       1      15       0       1
   402     810       2       1      15       0       1
   403     812       2       1      15       0       1
   404     814       2       1      15       0       1
   405     816       2       1      15       0       1
   406     818       2       1      15       0       1
   407     820       2       1      15       0       1
   408     822       2       1      15       0       1
   409     824       2       1      15       0       1
   410     826       2       1      15       0       1
   411     828       2       1      15       0       1
   412     830       2       1      15       0       1
   413     832       2       1      15       0       1
   414     834       2       1      15       0       1
   415     836       2       1      15       0       1
   416     838       2       1      15       0       1
   417     840       2       1      15       0       1
   418     842       2       1      15       0       1
   419     844       2       1      15       0       1
   420     846       2       1      15       0       1
   421     848       2       1      15       0       1
   422     850       2       1      15       0       1
   423     852       2       1      15       0       1
   424     854       2       1      15       0       1
   425     856       2       1      15       1       0
   426     858       2       1      15       0       1
   427     860       2       1      15       0       1
   428     862       2       1      15       0       1
   429     864       2       1      15       0       1
   430     866       2       1      15       0       1
   431     868       2       1      15       0       1
   432     870       2       1      15       0       1
   433     872       2       1      15       1       0
   434     874       2       1      15       1       0
   435     876       2       1      15       1       0
   436     878       2       1      14       2       0
   437     880       2       1      13       2       0
   438     882       2       1      13       1       0
   439     884       2       1      14       0       0
   440     886       2       1      14       1       0
   441     888       2       1      15       0       0
   442     890       2       1      15       1       0
   443     892       2       1      15       1       0
   444     894       2       1      15       0       1
   445     896       2       1      15       1       0
   446     898       2       1      15       1       0
   447     900       2       1      15       1       0
   448     902       2       1      15       0       1
   449     904       2       1      15       0       1
   450     906       2       1      14       2       0
   451     908       2       1      14       1       0
   452     910       2       1      14       1       0
   453     912       2       1      15       0       0
   454     914       2       1      15       0       1
   455     916       2       1      15       1       0
   456     918       2       1      15       1       0
   457     920       2       1      15       1       0
   458     922       2       1      15       0       1
   459     924       2       1      15       0       1
   460     926       2       1      15       1       0
   461     928       2       1      15       0       1
   462     930       2       1      15       1       0
   463     932       2       1      15       1       0
   464     934       2       1      15       0       1
   465     936       2       1      15       0       1
   466     938       2       1      15       0       1
   467     940       2       1      15       0       1
   468     942       2       1      15       1       0
   469     944       2       1      15       1       0
   470     946       2       1      15       0       1
   471     948       2       1      15       0       1
   472     950       2       1      15       1       0
   473     952       2       1      15       0       1
   474     954       2       1      15       0       1
   475     956       2       1      15       0       1
   476     958       2       1      15       1       0
   477     960       2       1      15       0       1
   478     962       2       1      15       0       1
   479     964       2       1      15       0       1
   480     966       2       1      15       0       1
   481     968       2       1      15       0       1
   482     970       2       1      15       0       1
   483     972       2       1      15       0       1
   484     974       2       1      15       0       1
   485     976       2       1      15       0       1
   486     978       2       1      15       0       1
   487     980       2       1      15       0       1
   488     982       2       1      15       0       1
   489     984       2       1      15       0       1
   490     986       2       1      15       0       1
   491     988       2       1      15       0       1
   492     990       2       1      15       0       1
   493     992       2       1      15       0       1
   494     994       2       1      15       0       1
   495     996       2       1      15       0       1
   496     998       2       1      15       0       1
   497    1000       2       1      15       0       1
   498    1002       2       1      15       0       1
   499    1004       2       1      15       0       1
   500    1006       2       1      15       0       1